[10-Feb-2026 06:17:15 UTC] My First Plugin initialized
[10-Feb-2026 06:18:16 UTC] My First Plugin initialized
[10-Feb-2026 06:18:28 UTC] My First Plugin initialized
[10-Feb-2026 06:19:40 UTC] My First Plugin initialized
[10-Feb-2026 06:20:41 UTC] My First Plugin initialized
[10-Feb-2026 06:21:42 UTC] My First Plugin initialized
[10-Feb-2026 06:22:42 UTC] My First Plugin initialized
[10-Feb-2026 06:23:43 UTC] My First Plugin initialized
[10-Feb-2026 06:24:44 UTC] My First Plugin initialized
[10-Feb-2026 06:26:08 UTC] My First Plugin initialized
[10-Feb-2026 06:26:12 UTC] My First Plugin initialized
[10-Feb-2026 06:26:12 UTC] PHP Deprecated:  Automatic conversion of false to array is deprecated in C:\xampp\htdocs\wscubetech\wp-content\plugins\login-with-phone-number\inc\frontend-functions.php on line 184
[10-Feb-2026 06:26:12 UTC] PHP Deprecated:  Automatic conversion of false to array is deprecated in C:\xampp\htdocs\wscubetech\wp-content\plugins\login-with-phone-number\inc\frontend-functions.php on line 389
[10-Feb-2026 06:26:12 UTC] PHP Deprecated:  Automatic conversion of false to array is deprecated in C:\xampp\htdocs\wscubetech\wp-content\plugins\login-with-phone-number\inc\frontend-functions.php on line 420
[10-Feb-2026 06:27:08 UTC] My First Plugin initialized
[10-Feb-2026 06:28:09 UTC] My First Plugin initialized
[10-Feb-2026 06:30:10 UTC] My First Plugin initialized
[10-Feb-2026 06:32:11 UTC] My First Plugin initialized
[10-Feb-2026 06:34:12 UTC] My First Plugin initialized
[10-Feb-2026 06:36:13 UTC] My First Plugin initialized
[10-Feb-2026 06:47:18 UTC] My First Plugin initialized
[10-Feb-2026 06:47:18 UTC] My First Plugin initialized
[10-Feb-2026 06:47:22 UTC] My First Plugin initialized
[10-Feb-2026 06:47:22 UTC] PHP Deprecated:  Automatic conversion of false to array is deprecated in C:\xampp\htdocs\wscubetech\wp-content\plugins\login-with-phone-number\inc\frontend-functions.php on line 184
[10-Feb-2026 06:47:22 UTC] PHP Deprecated:  Automatic conversion of false to array is deprecated in C:\xampp\htdocs\wscubetech\wp-content\plugins\login-with-phone-number\inc\frontend-functions.php on line 389
[10-Feb-2026 06:47:22 UTC] PHP Deprecated:  Automatic conversion of false to array is deprecated in C:\xampp\htdocs\wscubetech\wp-content\plugins\login-with-phone-number\inc\frontend-functions.php on line 420
[10-Feb-2026 06:47:52 UTC] My First Plugin initialized
[10-Feb-2026 06:48:00 UTC] My First Plugin initialized
[10-Feb-2026 06:48:15 UTC] My First Plugin initialized
[10-Feb-2026 06:48:16 UTC] PHP Deprecated:  Automatic conversion of false to array is deprecated in C:\xampp\htdocs\wscubetech\wp-content\plugins\login-with-phone-number\inc\frontend-functions.php on line 184
[10-Feb-2026 06:48:16 UTC] PHP Deprecated:  Automatic conversion of false to array is deprecated in C:\xampp\htdocs\wscubetech\wp-content\plugins\login-with-phone-number\inc\frontend-functions.php on line 389
[10-Feb-2026 06:48:16 UTC] PHP Deprecated:  Automatic conversion of false to array is deprecated in C:\xampp\htdocs\wscubetech\wp-content\plugins\login-with-phone-number\inc\frontend-functions.php on line 420
[10-Feb-2026 06:48:33 UTC] My First Plugin initialized
[10-Feb-2026 06:48:43 UTC] My First Plugin initialized
[10-Feb-2026 06:48:55 UTC] My First Plugin initialized
[10-Feb-2026 06:49:04 UTC] My First Plugin initialized
[10-Feb-2026 06:49:04 UTC] My First Plugin initialized
[10-Feb-2026 06:49:05 UTC] PHP Deprecated:  Automatic conversion of false to array is deprecated in C:\xampp\htdocs\wscubetech\wp-content\plugins\login-with-phone-number\inc\frontend-functions.php on line 184
[10-Feb-2026 06:49:05 UTC] PHP Deprecated:  Automatic conversion of false to array is deprecated in C:\xampp\htdocs\wscubetech\wp-content\plugins\login-with-phone-number\inc\frontend-functions.php on line 389
[10-Feb-2026 06:49:05 UTC] PHP Deprecated:  Automatic conversion of false to array is deprecated in C:\xampp\htdocs\wscubetech\wp-content\plugins\login-with-phone-number\inc\frontend-functions.php on line 420
[10-Feb-2026 09:22:57 UTC] My First Plugin initialized
[10-Feb-2026 09:23:28 UTC] My First Plugin initialized
[10-Feb-2026 09:23:42 UTC] My First Plugin initialized
[10-Feb-2026 09:23:43 UTC] PHP Warning:  require_once(C:\xampp\htdocs\wscubetech\wp-content\plugins\login-with-otp/includes/recaptcha.php): Failed to open stream: No such file or directory in C:\xampp\htdocs\wscubetech\wp-content\plugins\login-with-otp\login-with-otp.php on line 15
[10-Feb-2026 09:23:43 UTC] PHP Fatal error:  Uncaught Error: Failed opening required 'C:\xampp\htdocs\wscubetech\wp-content\plugins\login-with-otp/includes/recaptcha.php' (include_path='C:\xampp\php\PEAR') in C:\xampp\htdocs\wscubetech\wp-content\plugins\login-with-otp\login-with-otp.php:15
Stack trace:
#0 C:\xampp\htdocs\wscubetech\wp-admin\includes\plugin.php(2400): include_once()
#1 C:\xampp\htdocs\wscubetech\wp-admin\includes\plugin.php(673): plugin_sandbox_scrape('login-with-otp/...')
#2 C:\xampp\htdocs\wscubetech\wp-admin\plugins.php(60): activate_plugin('login-with-otp/...', 'http://localhos...', false)
#3 {main}
  thrown in C:\xampp\htdocs\wscubetech\wp-content\plugins\login-with-otp\login-with-otp.php on line 15
[10-Feb-2026 09:23:43 UTC] My First Plugin initialized
[10-Feb-2026 09:24:45 UTC] My First Plugin initialized
[10-Feb-2026 09:24:56 UTC] My First Plugin initialized
[10-Feb-2026 09:25:04 UTC] PHP Deprecated:  Automatic conversion of false to array is deprecated in C:\xampp\htdocs\wscubetech\wp-content\plugins\login-with-phone-number\inc\frontend-functions.php on line 184
[10-Feb-2026 09:25:04 UTC] PHP Deprecated:  Automatic conversion of false to array is deprecated in C:\xampp\htdocs\wscubetech\wp-content\plugins\login-with-phone-number\inc\frontend-functions.php on line 389
[10-Feb-2026 09:25:04 UTC] PHP Deprecated:  Automatic conversion of false to array is deprecated in C:\xampp\htdocs\wscubetech\wp-content\plugins\login-with-phone-number\inc\frontend-functions.php on line 420
[10-Feb-2026 09:25:43 UTC] My First Plugin initialized
[10-Feb-2026 09:25:44 UTC] PHP Deprecated:  Automatic conversion of false to array is deprecated in C:\xampp\htdocs\wscubetech\wp-content\plugins\login-with-phone-number\inc\frontend-functions.php on line 184
[10-Feb-2026 09:25:44 UTC] PHP Deprecated:  Automatic conversion of false to array is deprecated in C:\xampp\htdocs\wscubetech\wp-content\plugins\login-with-phone-number\inc\frontend-functions.php on line 389
[10-Feb-2026 09:25:44 UTC] PHP Deprecated:  Automatic conversion of false to array is deprecated in C:\xampp\htdocs\wscubetech\wp-content\plugins\login-with-phone-number\inc\frontend-functions.php on line 420
[10-Feb-2026 09:25:45 UTC] My First Plugin initialized
[10-Feb-2026 09:25:55 UTC] My First Plugin initialized
[10-Feb-2026 09:25:56 UTC] PHP Deprecated:  Automatic conversion of false to array is deprecated in C:\xampp\htdocs\wscubetech\wp-content\plugins\login-with-phone-number\inc\frontend-functions.php on line 184
[10-Feb-2026 09:26:00 UTC] My First Plugin initialized
[10-Feb-2026 09:26:01 UTC] PHP Deprecated:  Automatic conversion of false to array is deprecated in C:\xampp\htdocs\wscubetech\wp-content\plugins\login-with-phone-number\inc\frontend-functions.php on line 184
[10-Feb-2026 09:26:01 UTC] PHP Deprecated:  Automatic conversion of false to array is deprecated in C:\xampp\htdocs\wscubetech\wp-content\plugins\login-with-phone-number\inc\frontend-functions.php on line 389
[10-Feb-2026 09:26:01 UTC] PHP Deprecated:  Automatic conversion of false to array is deprecated in C:\xampp\htdocs\wscubetech\wp-content\plugins\login-with-phone-number\inc\frontend-functions.php on line 420
[10-Feb-2026 09:26:18 UTC] My First Plugin initialized
[10-Feb-2026 09:26:19 UTC] PHP Deprecated:  Automatic conversion of false to array is deprecated in C:\xampp\htdocs\wscubetech\wp-content\plugins\login-with-phone-number\inc\frontend-functions.php on line 184
[10-Feb-2026 09:26:19 UTC] PHP Deprecated:  Automatic conversion of false to array is deprecated in C:\xampp\htdocs\wscubetech\wp-content\plugins\login-with-phone-number\inc\frontend-functions.php on line 389
[10-Feb-2026 09:26:19 UTC] PHP Deprecated:  Automatic conversion of false to array is deprecated in C:\xampp\htdocs\wscubetech\wp-content\plugins\login-with-phone-number\inc\frontend-functions.php on line 420
[10-Feb-2026 12:03:11 UTC] My First Plugin initialized
[10-Feb-2026 12:03:43 UTC] My First Plugin initialized
[10-Feb-2026 12:03:43 UTC] My First Plugin initialized
[10-Feb-2026 12:03:45 UTC] My First Plugin initialized
[10-Feb-2026 12:03:57 UTC] PHP Deprecated:  Automatic conversion of false to array is deprecated in C:\xampp\htdocs\wscubetech\wp-content\plugins\login-with-phone-number\inc\frontend-functions.php on line 184
[10-Feb-2026 12:04:01 UTC] My First Plugin initialized
[10-Feb-2026 12:04:02 UTC] PHP Deprecated:  Automatic conversion of false to array is deprecated in C:\xampp\htdocs\wscubetech\wp-content\plugins\login-with-phone-number\inc\frontend-functions.php on line 184
[10-Feb-2026 12:04:02 UTC] PHP Deprecated:  Automatic conversion of false to array is deprecated in C:\xampp\htdocs\wscubetech\wp-content\plugins\login-with-phone-number\inc\frontend-functions.php on line 389
[10-Feb-2026 12:04:02 UTC] PHP Deprecated:  Automatic conversion of false to array is deprecated in C:\xampp\htdocs\wscubetech\wp-content\plugins\login-with-phone-number\inc\frontend-functions.php on line 420
[10-Feb-2026 12:04:17 UTC] My First Plugin initialized
[10-Feb-2026 12:04:17 UTC] PHP Deprecated:  Automatic conversion of false to array is deprecated in C:\xampp\htdocs\wscubetech\wp-content\plugins\login-with-phone-number\inc\frontend-functions.php on line 184
[10-Feb-2026 12:04:17 UTC] PHP Deprecated:  Automatic conversion of false to array is deprecated in C:\xampp\htdocs\wscubetech\wp-content\plugins\login-with-phone-number\inc\frontend-functions.php on line 389
[10-Feb-2026 12:04:17 UTC] PHP Deprecated:  Automatic conversion of false to array is deprecated in C:\xampp\htdocs\wscubetech\wp-content\plugins\login-with-phone-number\inc\frontend-functions.php on line 420
[10-Feb-2026 12:04:48 UTC] My First Plugin initialized
[10-Feb-2026 12:05:19 UTC] My First Plugin initialized
[10-Feb-2026 12:05:20 UTC] PHP Deprecated:  Automatic conversion of false to array is deprecated in C:\xampp\htdocs\wscubetech\wp-content\plugins\login-with-phone-number\inc\frontend-functions.php on line 184
[10-Feb-2026 12:05:43 UTC] My First Plugin initialized
[10-Feb-2026 12:05:43 UTC] PHP Deprecated:  Automatic conversion of false to array is deprecated in C:\xampp\htdocs\wscubetech\wp-content\plugins\login-with-phone-number\inc\frontend-functions.php on line 184
[10-Feb-2026 12:05:52 UTC] My First Plugin initialized
[10-Feb-2026 12:05:52 UTC] PHP Deprecated:  Automatic conversion of false to array is deprecated in C:\xampp\htdocs\wscubetech\wp-content\plugins\login-with-phone-number\inc\frontend-functions.php on line 184
[10-Feb-2026 12:05:53 UTC] PHP Deprecated:  Automatic conversion of false to array is deprecated in C:\xampp\htdocs\wscubetech\wp-content\plugins\login-with-phone-number\inc\frontend-functions.php on line 389
[10-Feb-2026 12:05:53 UTC] PHP Deprecated:  Automatic conversion of false to array is deprecated in C:\xampp\htdocs\wscubetech\wp-content\plugins\login-with-phone-number\inc\frontend-functions.php on line 420
[10-Feb-2026 12:06:07 UTC] My First Plugin initialized
[10-Feb-2026 12:10:16 UTC] My First Plugin initialized
[10-Feb-2026 12:10:17 UTC] PHP Deprecated:  Automatic conversion of false to array is deprecated in C:\xampp\htdocs\wscubetech\wp-content\plugins\login-with-phone-number\inc\frontend-functions.php on line 184
[10-Feb-2026 12:49:06 UTC] My First Plugin initialized
[10-Feb-2026 12:49:08 UTC] My First Plugin initialized
[10-Feb-2026 12:49:08 UTC] My First Plugin initialized
[10-Feb-2026 12:49:15 UTC] My First Plugin initialized
[10-Feb-2026 12:49:27 UTC] My First Plugin initialized
[10-Feb-2026 12:49:27 UTC] PHP Warning:  require_once(C:\xampp\htdocs\wscubetech\wp-content\plugins\login-with-otp/includes/recaptcha.php): Failed to open stream: No such file or directory in C:\xampp\htdocs\wscubetech\wp-content\plugins\login-with-otp\login-with-otp.php on line 15
[10-Feb-2026 12:49:27 UTC] PHP Fatal error:  Uncaught Error: Failed opening required 'C:\xampp\htdocs\wscubetech\wp-content\plugins\login-with-otp/includes/recaptcha.php' (include_path='C:\xampp\php\PEAR') in C:\xampp\htdocs\wscubetech\wp-content\plugins\login-with-otp\login-with-otp.php:15
Stack trace:
#0 C:\xampp\htdocs\wscubetech\wp-admin\includes\plugin.php(2400): include_once()
#1 C:\xampp\htdocs\wscubetech\wp-admin\includes\plugin.php(673): plugin_sandbox_scrape('login-with-otp/...')
#2 C:\xampp\htdocs\wscubetech\wp-admin\plugins.php(60): activate_plugin('login-with-otp/...', 'http://localhos...', false)
#3 {main}
  thrown in C:\xampp\htdocs\wscubetech\wp-content\plugins\login-with-otp\login-with-otp.php on line 15
[10-Feb-2026 12:49:28 UTC] My First Plugin initialized
[10-Feb-2026 12:50:29 UTC] My First Plugin initialized
[10-Feb-2026 12:51:29 UTC] My First Plugin initialized
[10-Feb-2026 12:52:30 UTC] My First Plugin initialized
[10-Feb-2026 12:53:31 UTC] My First Plugin initialized
[10-Feb-2026 12:55:32 UTC] My First Plugin initialized
[10-Feb-2026 12:56:33 UTC] My First Plugin initialized
[10-Feb-2026 12:58:11 UTC] My First Plugin initialized
[10-Feb-2026 12:59:12 UTC] My First Plugin initialized
[10-Feb-2026 13:00:13 UTC] My First Plugin initialized
[10-Feb-2026 13:02:14 UTC] My First Plugin initialized
[10-Feb-2026 13:04:15 UTC] My First Plugin initialized
[10-Feb-2026 13:05:16 UTC] My First Plugin initialized
[10-Feb-2026 13:06:17 UTC] My First Plugin initialized
[10-Feb-2026 13:06:37 UTC] My First Plugin initialized
[10-Feb-2026 13:06:50 UTC] My First Plugin initialized
[10-Feb-2026 13:06:51 UTC] My First Plugin initialized
[10-Feb-2026 13:07:26 UTC] My First Plugin initialized
[10-Feb-2026 13:07:27 UTC] PHP Deprecated:  Automatic conversion of false to array is deprecated in C:\xampp\htdocs\wscubetech\wp-content\plugins\login-with-phone-number\inc\frontend-functions.php on line 184
[10-Feb-2026 13:07:57 UTC] My First Plugin initialized
[10-Feb-2026 13:07:58 UTC] PHP Deprecated:  Automatic conversion of false to array is deprecated in C:\xampp\htdocs\wscubetech\wp-content\plugins\login-with-phone-number\inc\frontend-functions.php on line 184
[10-Feb-2026 13:07:58 UTC] PHP Deprecated:  Automatic conversion of false to array is deprecated in C:\xampp\htdocs\wscubetech\wp-content\plugins\login-with-phone-number\inc\frontend-functions.php on line 389
[10-Feb-2026 13:07:58 UTC] PHP Deprecated:  Automatic conversion of false to array is deprecated in C:\xampp\htdocs\wscubetech\wp-content\plugins\login-with-phone-number\inc\frontend-functions.php on line 420
[10-Feb-2026 13:08:00 UTC] My First Plugin initialized
[10-Feb-2026 13:08:00 UTC] PHP Deprecated:  Automatic conversion of false to array is deprecated in C:\xampp\htdocs\wscubetech\wp-content\plugins\login-with-phone-number\inc\frontend-functions.php on line 184
[10-Feb-2026 13:08:12 UTC] My First Plugin initialized
[10-Feb-2026 13:08:12 UTC] PHP Deprecated:  Automatic conversion of false to array is deprecated in C:\xampp\htdocs\wscubetech\wp-content\plugins\login-with-phone-number\inc\frontend-functions.php on line 184
[10-Feb-2026 13:08:37 UTC] My First Plugin initialized
[10-Feb-2026 13:08:38 UTC] PHP Deprecated:  Automatic conversion of false to array is deprecated in C:\xampp\htdocs\wscubetech\wp-content\plugins\login-with-phone-number\inc\frontend-functions.php on line 184
[10-Feb-2026 13:08:38 UTC] PHP Deprecated:  Automatic conversion of false to array is deprecated in C:\xampp\htdocs\wscubetech\wp-content\plugins\login-with-phone-number\inc\frontend-functions.php on line 389
[10-Feb-2026 13:08:38 UTC] PHP Deprecated:  Automatic conversion of false to array is deprecated in C:\xampp\htdocs\wscubetech\wp-content\plugins\login-with-phone-number\inc\frontend-functions.php on line 420
[10-Feb-2026 13:08:47 UTC] My First Plugin initialized
[10-Feb-2026 13:08:49 UTC] My First Plugin initialized
[10-Feb-2026 13:08:51 UTC] My First Plugin initialized
[10-Feb-2026 13:08:51 UTC] PHP Deprecated:  Automatic conversion of false to array is deprecated in C:\xampp\htdocs\wscubetech\wp-content\plugins\login-with-phone-number\inc\frontend-functions.php on line 184
[10-Feb-2026 13:08:54 UTC] My First Plugin initialized
[10-Feb-2026 13:08:54 UTC] PHP Deprecated:  Automatic conversion of false to array is deprecated in C:\xampp\htdocs\wscubetech\wp-content\plugins\login-with-phone-number\inc\frontend-functions.php on line 184
[10-Feb-2026 13:08:54 UTC] PHP Deprecated:  Automatic conversion of false to array is deprecated in C:\xampp\htdocs\wscubetech\wp-content\plugins\login-with-phone-number\inc\frontend-functions.php on line 389
[10-Feb-2026 13:08:54 UTC] PHP Deprecated:  Automatic conversion of false to array is deprecated in C:\xampp\htdocs\wscubetech\wp-content\plugins\login-with-phone-number\inc\frontend-functions.php on line 420
[10-Feb-2026 13:09:08 UTC] My First Plugin initialized
[10-Feb-2026 13:09:08 UTC] PHP Deprecated:  Automatic conversion of false to array is deprecated in C:\xampp\htdocs\wscubetech\wp-content\plugins\login-with-phone-number\inc\frontend-functions.php on line 184
[10-Feb-2026 13:09:08 UTC] PHP Deprecated:  Automatic conversion of false to array is deprecated in C:\xampp\htdocs\wscubetech\wp-content\plugins\login-with-phone-number\inc\frontend-functions.php on line 389
[10-Feb-2026 13:09:08 UTC] PHP Deprecated:  Automatic conversion of false to array is deprecated in C:\xampp\htdocs\wscubetech\wp-content\plugins\login-with-phone-number\inc\frontend-functions.php on line 420
[10-Feb-2026 13:09:25 UTC] My First Plugin initialized
[10-Feb-2026 13:09:40 UTC] My First Plugin initialized
[10-Feb-2026 13:09:49 UTC] My First Plugin initialized
[10-Feb-2026 13:09:49 UTC] My First Plugin initialized
[10-Feb-2026 13:09:50 UTC] PHP Deprecated:  Automatic conversion of false to array is deprecated in C:\xampp\htdocs\wscubetech\wp-content\plugins\login-with-phone-number\inc\frontend-functions.php on line 184
[10-Feb-2026 13:09:50 UTC] PHP Deprecated:  Automatic conversion of false to array is deprecated in C:\xampp\htdocs\wscubetech\wp-content\plugins\login-with-phone-number\inc\frontend-functions.php on line 389
[10-Feb-2026 13:09:50 UTC] PHP Deprecated:  Automatic conversion of false to array is deprecated in C:\xampp\htdocs\wscubetech\wp-content\plugins\login-with-phone-number\inc\frontend-functions.php on line 420
[10-Feb-2026 13:10:57 UTC] My First Plugin initialized
[10-Feb-2026 13:10:57 UTC] PHP Deprecated:  Automatic conversion of false to array is deprecated in C:\xampp\htdocs\wscubetech\wp-content\plugins\login-with-phone-number\inc\frontend-functions.php on line 184
